W0620 00:11:35.029000 57838 site-packages/torch/distributed/run.py:862] 
W0620 00:11:35.029000 57838 site-packages/torch/distributed/run.py:862] *****************************************
W0620 00:11:35.029000 57838 site-packages/torch/distributed/run.py:862] Setting OMP_NUM_THREADS environment variable for each process to be 1 in default, to avoid your system being overloaded, please further tune the variable for optimal performance in your application as needed. 
W0620 00:11:35.029000 57838 site-packages/torch/distributed/run.py:862] *****************************************
[cache] Using pre-computed features from /home/jovyan/work/data/feature_cache (hidden_size=1024, dtype=bfloat16)
[transformers] `torch_dtype` is deprecated! Use `dtype` instead!
[transformers] `torch_dtype` is deprecated! Use `dtype` instead!
Loading weights:   0%|          | 0/314 [00:00<?, ?it/s]Loading weights:   0%|          | 0/314 [00:00<?, ?it/s]Loading weights:   0%|          | 1/314 [00:00<01:17,  4.06it/s]Loading weights: 100%|██████████| 314/314 [00:00<00:00, 1244.57it/s]
Loading weights:   0%|          | 1/314 [00:00<01:28,  3.55it/s]Loading weights: 100%|██████████| 314/314 [00:00<00:00, 1091.60it/s]
Loading weights:   0%|          | 0/146 [00:00<?, ?it/s]Loading weights: 100%|██████████| 146/146 [00:00<00:00, 9910.96it/s]
Loading weights:   0%|          | 0/146 [00:00<?, ?it/s]Loading weights: 100%|██████████| 146/146 [00:00<00:00, 9864.50it/s]
[train] device=cuda:0 world_size=2 trainable_params=493,003,776 total_steps=10000
[train] step      0/10000 loss=0.6556 acc_v2t=0.0625 alignment=2.0233 uniformity=-1.4110 lr=0.00e+00
[train] step     20/10000 loss=0.6556 acc_v2t=0.0625 alignment=2.0083 uniformity=-1.3584 lr=4.00e-07
[train] step     40/10000 loss=0.6556 acc_v2t=0.1875 alignment=2.0091 uniformity=-1.4165 lr=1.00e-06
[train] step     60/10000 loss=0.6556 acc_v2t=0.3125 alignment=1.9922 uniformity=-1.4333 lr=1.40e-06
[train] step     80/10000 loss=0.6555 acc_v2t=0.0625 alignment=1.9781 uniformity=-1.5237 lr=2.00e-06
[train] step    100/10000 loss=0.6556 acc_v2t=0.1250 alignment=1.9665 uniformity=-1.4991 lr=2.40e-06
[train] step    120/10000 loss=0.6556 acc_v2t=0.1250 alignment=1.9082 uniformity=-1.3799 lr=3.00e-06
[train] step    140/10000 loss=0.6555 acc_v2t=0.1875 alignment=1.9013 uniformity=-1.4427 lr=3.40e-06
[train] step    160/10000 loss=0.6554 acc_v2t=0.0000 alignment=1.8537 uniformity=-1.6105 lr=4.00e-06
[train] step    180/10000 loss=0.6554 acc_v2t=0.0625 alignment=1.8199 uniformity=-1.5192 lr=4.40e-06
[train] step    200/10000 loss=0.6553 acc_v2t=0.2500 alignment=1.7876 uniformity=-1.6112 lr=5.00e-06
[train] step    220/10000 loss=0.6555 acc_v2t=0.0625 alignment=1.7343 uniformity=-1.5151 lr=5.40e-06
[train] step    240/10000 loss=0.6554 acc_v2t=0.1250 alignment=1.6598 uniformity=-1.4787 lr=6.00e-06
[train] step    260/10000 loss=0.6552 acc_v2t=0.1250 alignment=1.6368 uniformity=-1.6309 lr=6.40e-06
[train] step    280/10000 loss=0.6552 acc_v2t=0.0625 alignment=1.5562 uniformity=-1.6752 lr=7.00e-06

--- [M0 GATE CHECK] ---
STATUS: FAIL
  1. Loss Trend:   PASS | early(50)=0.6556 -> late(50)=0.6552 (delta=-0.0003)
  2. Accuracy V2T: FAIL | recent_avg(5)=0.1250
  3. Uniformity:   PASS | recent_avg(5)=-1.5822
[train] step    300/10000 loss=0.6551 acc_v2t=0.2500 alignment=1.4787 uniformity=-1.6272 lr=7.40e-06
[train] step    320/10000 loss=0.6551 acc_v2t=0.1250 alignment=1.4406 uniformity=-1.7813 lr=8.00e-06
[train] step    340/10000 loss=0.6551 acc_v2t=0.1250 alignment=1.3599 uniformity=-1.5975 lr=8.40e-06
[train] step    360/10000 loss=0.6550 acc_v2t=0.1875 alignment=1.2802 uniformity=-1.6801 lr=9.00e-06
[train] step    380/10000 loss=0.6550 acc_v2t=0.2500 alignment=1.2384 uniformity=-1.7164 lr=9.40e-06
[train] step    400/10000 loss=0.6549 acc_v2t=0.1875 alignment=1.1300 uniformity=-1.6480 lr=1.00e-05
[train] step    420/10000 loss=0.6549 acc_v2t=0.1875 alignment=1.0801 uniformity=-1.5730 lr=1.04e-05
[train] step    440/10000 loss=0.6548 acc_v2t=0.1250 alignment=1.0069 uniformity=-1.6630 lr=1.10e-05
[train] step    460/10000 loss=0.6548 acc_v2t=0.1875 alignment=0.9946 uniformity=-1.6955 lr=1.14e-05
[train] step    480/10000 loss=0.6547 acc_v2t=0.0625 alignment=0.9618 uniformity=-1.6499 lr=1.20e-05
[train] step    500/10000 loss=0.6548 acc_v2t=0.1875 alignment=0.9045 uniformity=-1.6388 lr=1.24e-05
[train] step    520/10000 loss=0.6548 acc_v2t=0.1875 alignment=0.8339 uniformity=-1.5378 lr=1.30e-05
[train] step    540/10000 loss=0.6547 acc_v2t=0.1250 alignment=0.8354 uniformity=-1.5842 lr=1.34e-05
[train] step    560/10000 loss=0.6547 acc_v2t=0.1875 alignment=0.9038 uniformity=-1.7303 lr=1.40e-05
[train] step    580/10000 loss=0.6547 acc_v2t=0.1875 alignment=0.9005 uniformity=-1.7264 lr=1.44e-05
[train] step    600/10000 loss=0.6547 acc_v2t=0.1250 alignment=0.8549 uniformity=-1.6596 lr=1.50e-05
[train] step    620/10000 loss=0.6547 acc_v2t=0.1250 alignment=0.7966 uniformity=-1.5384 lr=1.54e-05
[train] step    640/10000 loss=0.6548 acc_v2t=0.1875 alignment=0.7894 uniformity=-1.4803 lr=1.60e-05
[train] step    660/10000 loss=0.6547 acc_v2t=0.1875 alignment=0.8548 uniformity=-1.6806 lr=1.64e-05
[train] step    680/10000 loss=0.6547 acc_v2t=0.1250 alignment=0.7773 uniformity=-1.5285 lr=1.70e-05
[train] step    700/10000 loss=0.6548 acc_v2t=0.2500 alignment=0.8383 uniformity=-1.6628 lr=1.74e-05
[train] step    720/10000 loss=0.6546 acc_v2t=0.1875 alignment=0.7904 uniformity=-1.5915 lr=1.80e-05
[train] step    740/10000 loss=0.6547 acc_v2t=0.1250 alignment=0.7653 uniformity=-1.5014 lr=1.84e-05
[train] step    760/10000 loss=0.6547 acc_v2t=0.1875 alignment=0.7451 uniformity=-1.4564 lr=1.90e-05
[train] step    780/10000 loss=0.6547 acc_v2t=0.1250 alignment=0.8021 uniformity=-1.5471 lr=1.94e-05
[train] step    800/10000 loss=0.6548 acc_v2t=0.1250 alignment=0.7580 uniformity=-1.4889 lr=2.00e-05
[train] step    820/10000 loss=0.6548 acc_v2t=0.1875 alignment=0.8644 uniformity=-1.7363 lr=2.04e-05
[train] step    840/10000 loss=0.6548 acc_v2t=0.3125 alignment=0.7336 uniformity=-1.5244 lr=2.10e-05
[train] step    860/10000 loss=0.6548 acc_v2t=0.3125 alignment=0.7354 uniformity=-1.4440 lr=2.14e-05
[train] step    880/10000 loss=0.6548 acc_v2t=0.2500 alignment=0.7378 uniformity=-1.4899 lr=2.20e-05
[train] step    900/10000 loss=0.6547 acc_v2t=0.2500 alignment=0.7221 uniformity=-1.4629 lr=2.24e-05
[train] step    920/10000 loss=0.6547 acc_v2t=0.1875 alignment=0.7676 uniformity=-1.5508 lr=2.30e-05
[train] step    940/10000 loss=0.6548 acc_v2t=0.1875 alignment=0.7280 uniformity=-1.4802 lr=2.34e-05
[train] step    960/10000 loss=0.6547 acc_v2t=0.1250 alignment=0.7788 uniformity=-1.5861 lr=2.40e-05
[train] step    980/10000 loss=0.6547 acc_v2t=0.4375 alignment=0.7638 uniformity=-1.5673 lr=2.44e-05
[train] step   1000/10000 loss=0.6547 acc_v2t=0.1875 alignment=0.7825 uniformity=-1.5411 lr=2.50e-05
[train] step   1020/10000 loss=0.6547 acc_v2t=0.3750 alignment=0.7332 uniformity=-1.4556 lr=2.54e-05
[train] step   1040/10000 loss=0.6548 acc_v2t=0.1875 alignment=0.7740 uniformity=-1.5604 lr=2.60e-05
[train] step   1060/10000 loss=0.6546 acc_v2t=0.2500 alignment=0.7705 uniformity=-1.6027 lr=2.64e-05
[train] step   1080/10000 loss=0.6547 acc_v2t=0.4375 alignment=0.7810 uniformity=-1.5823 lr=2.70e-05
[train] step   1100/10000 loss=0.6547 acc_v2t=0.4375 alignment=0.7446 uniformity=-1.5110 lr=2.74e-05
[train] step   1120/10000 loss=0.6547 acc_v2t=0.3125 alignment=0.8261 uniformity=-1.7193 lr=2.80e-05
[train] step   1140/10000 loss=0.6547 acc_v2t=0.3125 alignment=0.7522 uniformity=-1.5403 lr=2.84e-05
[train] step   1160/10000 loss=0.6547 acc_v2t=0.5625 alignment=0.7546 uniformity=-1.6020 lr=2.90e-05
[train] step   1180/10000 loss=0.6547 acc_v2t=0.1875 alignment=0.7584 uniformity=-1.6262 lr=2.94e-05
[train] step   1200/10000 loss=0.6547 acc_v2t=0.3750 alignment=0.7439 uniformity=-1.4939 lr=3.00e-05
[train] step   1220/10000 loss=0.6548 acc_v2t=0.3750 alignment=0.7111 uniformity=-1.4479 lr=3.04e-05
[train] step   1240/10000 loss=0.6548 acc_v2t=0.3125 alignment=0.8083 uniformity=-1.7028 lr=3.10e-05
[train] step   1260/10000 loss=0.6547 acc_v2t=0.4375 alignment=0.6792 uniformity=-1.4618 lr=3.14e-05
[train] step   1280/10000 loss=0.6548 acc_v2t=0.4375 alignment=0.7579 uniformity=-1.6451 lr=3.20e-05
[train] step   1300/10000 loss=0.6547 acc_v2t=0.4375 alignment=0.7427 uniformity=-1.6117 lr=3.24e-05
[train] step   1320/10000 loss=0.6547 acc_v2t=0.5000 alignment=0.7258 uniformity=-1.4988 lr=3.30e-05
[train] step   1340/10000 loss=0.6547 acc_v2t=0.6250 alignment=0.7673 uniformity=-1.7136 lr=3.34e-05
[train] step   1360/10000 loss=0.6546 acc_v2t=0.4375 alignment=0.8021 uniformity=-1.7220 lr=3.40e-05
[train] step   1380/10000 loss=0.6546 acc_v2t=0.4375 alignment=0.7727 uniformity=-1.6691 lr=3.44e-05
[train] step   1400/10000 loss=0.6546 acc_v2t=0.3750 alignment=0.7236 uniformity=-1.5235 lr=3.50e-05
[train] step   1420/10000 loss=0.6546 acc_v2t=0.4375 alignment=0.7842 uniformity=-1.6012 lr=3.54e-05
[train] step   1440/10000 loss=0.6546 acc_v2t=0.4375 alignment=0.7278 uniformity=-1.5576 lr=3.60e-05
[train] step   1460/10000 loss=0.6547 acc_v2t=0.4375 alignment=0.7416 uniformity=-1.6699 lr=3.64e-05
[train] step   1480/10000 loss=0.6547 acc_v2t=0.3125 alignment=0.7549 uniformity=-1.5460 lr=3.70e-05
[train] step   1500/10000 loss=0.6547 acc_v2t=0.5000 alignment=0.7826 uniformity=-1.7135 lr=3.74e-05
[train] step   1520/10000 loss=0.6545 acc_v2t=0.5000 alignment=0.7700 uniformity=-1.7566 lr=3.80e-05
[train] step   1540/10000 loss=0.6545 acc_v2t=0.5625 alignment=0.8214 uniformity=-1.8464 lr=3.84e-05
[train] step   1560/10000 loss=0.6545 acc_v2t=0.5625 alignment=0.7418 uniformity=-1.6036 lr=3.90e-05
[train] step   1580/10000 loss=0.6546 acc_v2t=0.4375 alignment=0.7693 uniformity=-1.6635 lr=3.94e-05
[train] step   1600/10000 loss=0.6545 acc_v2t=0.5625 alignment=0.7723 uniformity=-1.7755 lr=4.00e-05
[train] step   1620/10000 loss=0.6545 acc_v2t=0.3750 alignment=0.7835 uniformity=-1.7849 lr=4.04e-05
[train] step   1640/10000 loss=0.6546 acc_v2t=0.6250 alignment=0.7413 uniformity=-1.7901 lr=4.10e-05
[train] step   1660/10000 loss=0.6544 acc_v2t=0.4375 alignment=0.8021 uniformity=-1.8517 lr=4.14e-05
[train] step   1680/10000 loss=0.6545 acc_v2t=0.5000 alignment=0.8208 uniformity=-1.8652 lr=4.20e-05
[train] step   1700/10000 loss=0.6545 acc_v2t=0.4375 alignment=0.8669 uniformity=-1.8090 lr=4.24e-05
[train] step   1720/10000 loss=0.6545 acc_v2t=0.4375 alignment=0.8246 uniformity=-1.8312 lr=4.30e-05
[train] step   1740/10000 loss=0.6546 acc_v2t=0.6250 alignment=0.8283 uniformity=-1.7856 lr=4.34e-05
[train] step   1760/10000 loss=0.6546 acc_v2t=0.4375 alignment=0.8623 uniformity=-1.9575 lr=4.40e-05
[train] step   1780/10000 loss=0.6545 acc_v2t=0.3750 alignment=0.8327 uniformity=-1.9126 lr=4.44e-05
[train] step   1800/10000 loss=0.6545 acc_v2t=0.7500 alignment=0.7929 uniformity=-1.9203 lr=4.50e-05
[train] step   1820/10000 loss=0.6544 acc_v2t=0.4375 alignment=0.7643 uniformity=-1.8846 lr=4.54e-05
[train] step   1840/10000 loss=0.6544 acc_v2t=0.4375 alignment=0.8434 uniformity=-1.9572 lr=4.60e-05
[train] step   1860/10000 loss=0.6544 acc_v2t=0.4375 alignment=0.8990 uniformity=-2.0396 lr=4.64e-05
[train] step   1880/10000 loss=0.6544 acc_v2t=0.5000 alignment=0.8561 uniformity=-2.0519 lr=4.70e-05
[train] step   1900/10000 loss=0.6542 acc_v2t=0.5000 alignment=0.9378 uniformity=-2.2944 lr=4.74e-05
[train] step   1920/10000 loss=0.6542 acc_v2t=0.5625 alignment=0.8677 uniformity=-2.2974 lr=4.80e-05
[train] step   1940/10000 loss=0.6544 acc_v2t=0.3750 alignment=0.9864 uniformity=-2.0146 lr=4.84e-05
[train] step   1960/10000 loss=0.6543 acc_v2t=0.1875 alignment=0.9385 uniformity=-2.1295 lr=4.90e-05
[train] step   1980/10000 loss=0.6542 acc_v2t=0.5000 alignment=0.9199 uniformity=-2.2053 lr=4.94e-05
[train] step   2000/10000 loss=0.6544 acc_v2t=0.5625 alignment=0.9289 uniformity=-2.0629 lr=5.00e-05
[train] step   2020/10000 loss=0.6541 acc_v2t=0.5000 alignment=1.0077 uniformity=-2.1742 lr=5.04e-05
[train] step   2040/10000 loss=0.6542 acc_v2t=0.1875 alignment=1.0974 uniformity=-2.0367 lr=5.10e-05
[train] step   2060/10000 loss=0.6541 acc_v2t=0.3125 alignment=1.0192 uniformity=-2.3982 lr=5.14e-05
[train] step   2080/10000 loss=0.6541 acc_v2t=0.3125 alignment=1.1121 uniformity=-2.3423 lr=5.20e-05
[train] step   2100/10000 loss=0.6539 acc_v2t=0.3750 alignment=1.0349 uniformity=-2.4936 lr=5.24e-05
[train] step   2120/10000 loss=0.6540 acc_v2t=0.4375 alignment=1.0741 uniformity=-2.4436 lr=5.30e-05
[train] step   2140/10000 loss=0.6539 acc_v2t=0.5625 alignment=1.0370 uniformity=-2.6783 lr=5.34e-05
[train] step   2160/10000 loss=0.6538 acc_v2t=0.4375 alignment=1.0550 uniformity=-2.3592 lr=5.40e-05
[train] step   2180/10000 loss=0.6538 acc_v2t=0.3125 alignment=1.1784 uniformity=-2.5771 lr=5.44e-05
[train] step   2200/10000 loss=0.6538 acc_v2t=0.2500 alignment=1.1174 uniformity=-2.4119 lr=5.50e-05
[train] step   2220/10000 loss=0.6537 acc_v2t=0.4375 alignment=1.0786 uniformity=-2.6656 lr=5.54e-05
[train] step   2240/10000 loss=0.6537 acc_v2t=0.5625 alignment=1.2413 uniformity=-2.7825 lr=5.60e-05
[train] step   2260/10000 loss=0.6537 acc_v2t=0.6250 alignment=1.0893 uniformity=-2.7243 lr=5.64e-05
[train] step   2280/10000 loss=0.6537 acc_v2t=0.5625 alignment=1.1707 uniformity=-2.7068 lr=5.70e-05
[train] step   2300/10000 loss=0.6538 acc_v2t=0.5000 alignment=1.3156 uniformity=-2.9687 lr=5.74e-05
[train] step   2320/10000 loss=0.6538 acc_v2t=0.3750 alignment=1.2038 uniformity=-2.7712 lr=5.80e-05
[train] step   2340/10000 loss=0.6534 acc_v2t=0.5000 alignment=1.0393 uniformity=-2.7592 lr=5.84e-05
[train] step   2360/10000 loss=0.6535 acc_v2t=0.5625 alignment=1.1562 uniformity=-2.9692 lr=5.90e-05
[train] step   2380/10000 loss=0.6536 acc_v2t=0.5000 alignment=1.1661 uniformity=-2.9568 lr=5.94e-05
[train] step   2400/10000 loss=0.6536 acc_v2t=0.6250 alignment=1.0550 uniformity=-2.7113 lr=6.00e-05
[train] step   2420/10000 loss=0.6535 acc_v2t=0.5000 alignment=1.2517 uniformity=-2.8270 lr=6.04e-05
[train] step   2440/10000 loss=0.6536 acc_v2t=0.6250 alignment=1.1816 uniformity=-3.0898 lr=6.10e-05
[train] step   2460/10000 loss=0.6535 acc_v2t=0.4375 alignment=1.2206 uniformity=-3.0842 lr=6.14e-05
[train] step   2480/10000 loss=0.6536 acc_v2t=0.3125 alignment=1.1213 uniformity=-2.5416 lr=6.20e-05
[train] step   2500/10000 loss=0.6535 acc_v2t=0.6875 alignment=0.9810 uniformity=-3.0613 lr=6.24e-05
[train] step   2520/10000 loss=0.6534 acc_v2t=0.5000 alignment=1.1660 uniformity=-3.0681 lr=6.30e-05
[train] step   2540/10000 loss=0.6536 acc_v2t=0.5000 alignment=1.0474 uniformity=-2.6643 lr=6.34e-05
[train] step   2560/10000 loss=0.6535 acc_v2t=0.3750 alignment=1.1442 uniformity=-3.0108 lr=6.40e-05
[train] step   2580/10000 loss=0.6535 acc_v2t=0.4375 alignment=1.0237 uniformity=-2.7079 lr=6.44e-05
[train] step   2600/10000 loss=0.6539 acc_v2t=0.4375 alignment=1.2980 uniformity=-2.7668 lr=6.50e-05
[train] step   2620/10000 loss=0.6533 acc_v2t=0.5000 alignment=0.9941 uniformity=-2.8529 lr=6.54e-05
[train] step   2640/10000 loss=0.6534 acc_v2t=0.4375 alignment=1.1032 uniformity=-2.8911 lr=6.60e-05
[train] step   2660/10000 loss=0.6534 acc_v2t=0.5000 alignment=1.1389 uniformity=-3.0349 lr=6.64e-05
[train] step   2680/10000 loss=0.6535 acc_v2t=0.5000 alignment=0.9673 uniformity=-2.7763 lr=6.70e-05
[train] step   2700/10000 loss=0.6538 acc_v2t=0.5625 alignment=0.8252 uniformity=-2.3146 lr=6.74e-05
[train] step   2720/10000 loss=0.6533 acc_v2t=0.5625 alignment=0.9942 uniformity=-2.8697 lr=6.80e-05
[train] step   2740/10000 loss=0.6534 acc_v2t=0.5000 alignment=1.0741 uniformity=-2.5116 lr=6.84e-05
[train] step   2760/10000 loss=0.6535 acc_v2t=0.5000 alignment=1.0380 uniformity=-2.8718 lr=6.90e-05
[train] step   2780/10000 loss=0.6531 acc_v2t=0.6250 alignment=0.8866 uniformity=-2.9671 lr=6.94e-05
[train] step   2800/10000 loss=0.6535 acc_v2t=0.6250 alignment=0.9061 uniformity=-2.8110 lr=7.00e-05
[train] step   2820/10000 loss=0.6535 acc_v2t=0.4375 alignment=1.1019 uniformity=-2.8200 lr=7.04e-05
[train] step   2840/10000 loss=0.6535 acc_v2t=0.3750 alignment=1.1397 uniformity=-2.7587 lr=7.10e-05
[train] step   2860/10000 loss=0.6535 acc_v2t=0.5625 alignment=0.8892 uniformity=-2.6653 lr=7.14e-05
[train] step   2880/10000 loss=0.6536 acc_v2t=0.5000 alignment=1.2523 uniformity=-2.9033 lr=7.20e-05
[train] step   2900/10000 loss=0.6534 acc_v2t=0.4375 alignment=1.0559 uniformity=-2.8011 lr=7.24e-05
[train] step   2920/10000 loss=0.6532 acc_v2t=0.5000 alignment=0.7805 uniformity=-2.6991 lr=7.30e-05
[train] step   2940/10000 loss=0.6534 acc_v2t=0.4375 alignment=0.7879 uniformity=-2.3666 lr=7.34e-05
[train] step   2960/10000 loss=0.6536 acc_v2t=0.5625 alignment=0.8802 uniformity=-2.5071 lr=7.40e-05
[train] step   2980/10000 loss=0.6533 acc_v2t=0.4375 alignment=0.7961 uniformity=-2.4267 lr=7.44e-05
[train] step   3000/10000 loss=0.6533 acc_v2t=0.4375 alignment=0.9124 uniformity=-2.2521 lr=7.50e-05
[train] step   3020/10000 loss=0.6532 acc_v2t=0.5625 alignment=0.7475 uniformity=-2.5251 lr=7.54e-05
[train] step   3040/10000 loss=0.6533 acc_v2t=0.3750 alignment=0.7495 uniformity=-2.3742 lr=7.60e-05
[train] step   3060/10000 loss=0.6532 acc_v2t=0.4375 alignment=0.8229 uniformity=-2.3750 lr=7.64e-05
[train] step   3080/10000 loss=0.6530 acc_v2t=0.5000 alignment=0.7776 uniformity=-2.2662 lr=7.70e-05
[train] step   3100/10000 loss=0.6533 acc_v2t=0.5000 alignment=0.9338 uniformity=-3.0342 lr=7.74e-05
[train] step   3120/10000 loss=0.6535 acc_v2t=0.3750 alignment=0.9817 uniformity=-2.4995 lr=7.80e-05
[train] step   3140/10000 loss=0.6534 acc_v2t=0.6250 alignment=0.8439 uniformity=-2.4979 lr=7.84e-05
[train] step   3160/10000 loss=0.6532 acc_v2t=0.4375 alignment=0.8139 uniformity=-2.7126 lr=7.90e-05
[train] step   3180/10000 loss=0.6533 acc_v2t=0.5625 alignment=0.8960 uniformity=-2.5799 lr=7.94e-05
[train] step   3200/10000 loss=0.6533 acc_v2t=0.7500 alignment=0.6389 uniformity=-2.3290 lr=8.00e-05
[train] step   3220/10000 loss=0.6533 acc_v2t=0.6875 alignment=0.8160 uniformity=-2.9329 lr=8.04e-05
[train] step   3240/10000 loss=0.6533 acc_v2t=0.4375 alignment=0.8870 uniformity=-2.4103 lr=8.10e-05
[train] step   3260/10000 loss=0.6533 acc_v2t=0.5625 alignment=0.8246 uniformity=-2.8015 lr=8.14e-05
[train] step   3280/10000 loss=0.6533 acc_v2t=0.5625 alignment=0.7533 uniformity=-2.5902 lr=8.20e-05
[train] step   3300/10000 loss=0.6534 acc_v2t=0.5000 alignment=0.8585 uniformity=-2.4531 lr=8.24e-05
[train] step   3320/10000 loss=0.6534 acc_v2t=0.3750 alignment=0.8845 uniformity=-2.1553 lr=8.30e-05
[train] step   3340/10000 loss=0.6533 acc_v2t=0.4375 alignment=0.9493 uniformity=-2.7536 lr=8.34e-05
[train] step   3360/10000 loss=0.6534 acc_v2t=0.3750 alignment=1.0132 uniformity=-2.5014 lr=8.40e-05
[train] step   3380/10000 loss=0.6533 acc_v2t=0.3750 alignment=0.9395 uniformity=-2.5635 lr=8.44e-05
[train] step   3400/10000 loss=0.6531 acc_v2t=0.6250 alignment=0.6499 uniformity=-2.4405 lr=8.50e-05
[train] step   3420/10000 loss=0.6531 acc_v2t=0.6875 alignment=0.6316 uniformity=-2.5924 lr=8.54e-05
[train] step   3440/10000 loss=0.6533 acc_v2t=0.6250 alignment=0.8827 uniformity=-2.6204 lr=8.60e-05
[train] step   3460/10000 loss=0.6532 acc_v2t=0.5000 alignment=0.7674 uniformity=-2.7560 lr=8.64e-05
[train] step   3480/10000 loss=0.6531 acc_v2t=0.5000 alignment=0.7568 uniformity=-2.6357 lr=8.70e-05
[train] step   3500/10000 loss=0.6533 acc_v2t=0.5625 alignment=0.8439 uniformity=-2.8464 lr=8.74e-05
[train] step   3520/10000 loss=0.6536 acc_v2t=0.3125 alignment=0.9266 uniformity=-2.3670 lr=8.80e-05
[train] step   3540/10000 loss=0.6534 acc_v2t=0.5000 alignment=0.7179 uniformity=-2.4702 lr=8.84e-05
[train] step   3560/10000 loss=0.6532 acc_v2t=0.5000 alignment=0.8336 uniformity=-2.6050 lr=8.90e-05
[train] step   3580/10000 loss=0.6532 acc_v2t=0.5625 alignment=0.8142 uniformity=-2.3113 lr=8.94e-05
[train] step   3600/10000 loss=0.6533 acc_v2t=0.5625 alignment=0.6006 uniformity=-2.4526 lr=9.00e-05
[train] step   3620/10000 loss=0.6534 acc_v2t=0.4375 alignment=0.7624 uniformity=-2.2436 lr=9.04e-05
[train] step   3640/10000 loss=0.6530 acc_v2t=0.6250 alignment=0.5489 uniformity=-2.2190 lr=9.10e-05
[train] step   3660/10000 loss=0.6531 acc_v2t=0.5625 alignment=0.5778 uniformity=-2.1171 lr=9.14e-05
[train] step   3680/10000 loss=0.6530 acc_v2t=0.5000 alignment=0.6223 uniformity=-2.3556 lr=9.20e-05
[train] step   3700/10000 loss=0.6533 acc_v2t=0.5000 alignment=0.4831 uniformity=-1.9055 lr=9.24e-05
[train] step   3720/10000 loss=0.6532 acc_v2t=0.6250 alignment=0.6843 uniformity=-2.6678 lr=9.30e-05
[train] step   3740/10000 loss=0.6531 acc_v2t=0.6250 alignment=0.7117 uniformity=-2.7004 lr=9.34e-05
[train] step   3760/10000 loss=0.6529 acc_v2t=0.6250 alignment=0.4706 uniformity=-2.4155 lr=9.40e-05
[train] step   3780/10000 loss=0.6530 acc_v2t=0.6250 alignment=0.6609 uniformity=-2.4950 lr=9.44e-05
[train] step   3800/10000 loss=0.6530 acc_v2t=0.7500 alignment=0.6586 uniformity=-2.5712 lr=9.50e-05
[train] step   3820/10000 loss=0.6531 acc_v2t=0.5000 alignment=0.5909 uniformity=-2.4825 lr=9.54e-05
[train] step   3840/10000 loss=0.6534 acc_v2t=0.6250 alignment=0.6304 uniformity=-2.1480 lr=9.60e-05
[train] step   3860/10000 loss=0.6530 acc_v2t=0.5000 alignment=0.4731 uniformity=-2.1250 lr=9.64e-05
[train] step   3880/10000 loss=0.6532 acc_v2t=0.5625 alignment=0.6798 uniformity=-2.7331 lr=9.70e-05
[train] step   3900/10000 loss=0.6533 acc_v2t=0.6250 alignment=0.7618 uniformity=-2.5911 lr=9.74e-05
[train] step   3920/10000 loss=0.6531 acc_v2t=0.6875 alignment=0.5857 uniformity=-2.4635 lr=9.80e-05
[train] step   3940/10000 loss=0.6531 acc_v2t=0.6250 alignment=0.4391 uniformity=-1.8293 lr=9.84e-05
[train] step   3960/10000 loss=0.6531 acc_v2t=0.6250 alignment=0.4465 uniformity=-2.1241 lr=9.90e-05
[train] step   3980/10000 loss=0.6533 acc_v2t=0.4375 alignment=0.6378 uniformity=-2.1482 lr=9.94e-05
[train] step   4000/10000 loss=0.6533 acc_v2t=0.5625 alignment=0.8743 uniformity=-2.5809 lr=1.00e-04
[train] step   4020/10000 loss=0.6532 acc_v2t=0.6250 alignment=0.9140 uniformity=-2.7339 lr=1.00e-04
[train] step   4040/10000 loss=0.6532 acc_v2t=0.4375 alignment=0.7233 uniformity=-2.4574 lr=1.00e-04
[train] step   4060/10000 loss=0.6531 acc_v2t=0.4375 alignment=0.6810 uniformity=-2.4193 lr=1.00e-04
[train] step   4080/10000 loss=0.6532 acc_v2t=0.5625 alignment=0.5834 uniformity=-2.2301 lr=1.00e-04
[train] step   4100/10000 loss=0.6533 acc_v2t=0.5000 alignment=0.6704 uniformity=-2.1414 lr=1.00e-04
[train] step   4120/10000 loss=0.6532 acc_v2t=0.4375 alignment=0.7289 uniformity=-2.4981 lr=1.00e-04
[train] step   4140/10000 loss=0.6529 acc_v2t=0.6875 alignment=0.4035 uniformity=-2.1066 lr=1.00e-04
[train] step   4160/10000 loss=0.6532 acc_v2t=0.6250 alignment=0.5168 uniformity=-2.1094 lr=1.00e-04
[train] step   4180/10000 loss=0.6532 acc_v2t=0.6250 alignment=0.5083 uniformity=-2.2343 lr=1.00e-04
[train] step   4200/10000 loss=0.6532 acc_v2t=0.5625 alignment=0.6166 uniformity=-2.1926 lr=1.00e-04
[train] step   4220/10000 loss=0.6532 acc_v2t=0.4375 alignment=0.6219 uniformity=-2.2536 lr=1.00e-04
[train] step   4240/10000 loss=0.6533 acc_v2t=0.5625 alignment=0.6808 uniformity=-2.3701 lr=1.00e-04
[train] step   4260/10000 loss=0.6532 acc_v2t=0.6250 alignment=0.8245 uniformity=-2.6940 lr=1.00e-04
[train] step   4280/10000 loss=0.6534 acc_v2t=0.5625 alignment=0.7627 uniformity=-1.9660 lr=1.00e-04
[train] step   4300/10000 loss=0.6531 acc_v2t=0.6250 alignment=0.7236 uniformity=-2.5726 lr=1.00e-04
[train] step   4320/10000 loss=0.6531 acc_v2t=0.5000 alignment=0.5997 uniformity=-2.2987 lr=1.00e-04
[train] step   4340/10000 loss=0.6531 acc_v2t=0.6875 alignment=0.6242 uniformity=-2.5657 lr=1.00e-04
[train] step   4360/10000 loss=0.6531 acc_v2t=0.8125 alignment=0.5103 uniformity=-2.5613 lr=1.00e-04
[train] step   4380/10000 loss=0.6530 acc_v2t=0.4375 alignment=0.4694 uniformity=-2.0833 lr=1.00e-04
[train] step   4400/10000 loss=0.6532 acc_v2t=0.5000 alignment=0.7024 uniformity=-2.3802 lr=1.00e-04
[train] step   4420/10000 loss=0.6531 acc_v2t=0.4375 alignment=0.6941 uniformity=-2.1983 lr=1.00e-04
[train] step   4440/10000 loss=0.6533 acc_v2t=0.5000 alignment=0.5728 uniformity=-2.0982 lr=1.00e-04
[train] step   4460/10000 loss=0.6532 acc_v2t=0.5625 alignment=0.5498 uniformity=-2.0641 lr=1.00e-04
[train] step   4480/10000 loss=0.6530 acc_v2t=0.5625 alignment=0.5769 uniformity=-2.4909 lr=1.00e-04
[train] step   4500/10000 loss=0.6534 acc_v2t=0.3125 alignment=0.8923 uniformity=-2.2092 lr=1.00e-04
[train] step   4520/10000 loss=0.6530 acc_v2t=0.7500 alignment=0.5062 uniformity=-2.3402 lr=1.00e-04
[train] step   4540/10000 loss=0.6530 acc_v2t=0.4375 alignment=0.3361 uniformity=-1.9201 lr=1.00e-04
[train] step   4560/10000 loss=0.6530 acc_v2t=0.5000 alignment=0.4967 uniformity=-1.9100 lr=1.00e-04
[train] step   4580/10000 loss=0.6533 acc_v2t=0.5625 alignment=0.5955 uniformity=-1.9897 lr=1.00e-04
[train] step   4600/10000 loss=0.6534 acc_v2t=0.5625 alignment=0.6348 uniformity=-2.1845 lr=1.00e-04
[train] step   4620/10000 loss=0.6530 acc_v2t=0.5625 alignment=0.5181 uniformity=-2.5333 lr=1.00e-04
[train] step   4640/10000 loss=0.6531 acc_v2t=0.6875 alignment=0.4859 uniformity=-2.1902 lr=1.00e-04
[train] step   4660/10000 loss=0.6530 acc_v2t=0.5625 alignment=0.4040 uniformity=-2.2034 lr=1.00e-04
[train] step   4680/10000 loss=0.6530 acc_v2t=0.6250 alignment=0.5352 uniformity=-2.2338 lr=1.00e-04
[train] step   4700/10000 loss=0.6533 acc_v2t=0.5625 alignment=0.6740 uniformity=-2.3177 lr=1.00e-04
[train] step   4720/10000 loss=0.6529 acc_v2t=0.6875 alignment=0.3666 uniformity=-2.3770 lr=1.00e-04
[train] step   4740/10000 loss=0.6532 acc_v2t=0.6250 alignment=0.5280 uniformity=-2.2947 lr=1.00e-04
[train] step   4760/10000 loss=0.6530 acc_v2t=0.6875 alignment=0.5464 uniformity=-2.3824 lr=1.00e-04
[train] step   4780/10000 loss=0.6531 acc_v2t=0.5625 alignment=0.4276 uniformity=-1.9254 lr=1.00e-04
[train] step   4800/10000 loss=0.6530 acc_v2t=0.6250 alignment=0.4240 uniformity=-2.1552 lr=1.00e-04
[train] step   4820/10000 loss=0.6530 acc_v2t=0.6250 alignment=0.4529 uniformity=-2.1973 lr=1.00e-04
[train] step   4840/10000 loss=0.6533 acc_v2t=0.5625 alignment=0.7470 uniformity=-2.3305 lr=1.00e-04
[train] step   4860/10000 loss=0.6529 acc_v2t=0.6250 alignment=0.3247 uniformity=-2.0865 lr=1.00e-04
[train] step   4880/10000 loss=0.6528 acc_v2t=0.6875 alignment=0.4904 uniformity=-2.4161 lr=1.00e-04
[train] step   4900/10000 loss=0.6530 acc_v2t=0.6875 alignment=0.5796 uniformity=-2.1199 lr=1.00e-04
[train] step   4920/10000 loss=0.6528 acc_v2t=0.7500 alignment=0.4033 uniformity=-2.2687 lr=1.00e-04
[train] step   4940/10000 loss=0.6534 acc_v2t=0.6875 alignment=0.5816 uniformity=-2.3465 lr=1.00e-04
[train] step   4960/10000 loss=0.6529 acc_v2t=0.6250 alignment=0.4850 uniformity=-2.3378 lr=1.00e-04
[train] step   4980/10000 loss=0.6532 acc_v2t=0.6250 alignment=0.5632 uniformity=-1.8348 lr=1.00e-04
[train] step   5000/10000 loss=0.6531 acc_v2t=0.7500 alignment=0.4279 uniformity=-2.1776 lr=1.00e-04
[train] step   5020/10000 loss=0.6532 acc_v2t=0.6250 alignment=0.6364 uniformity=-2.6090 lr=1.00e-04
[train] step   5040/10000 loss=0.6530 acc_v2t=0.5625 alignment=0.5522 uniformity=-2.1646 lr=1.00e-04
[train] step   5060/10000 loss=0.6532 acc_v2t=0.4375 alignment=0.5301 uniformity=-1.9874 lr=1.00e-04
[train] step   5080/10000 loss=0.6531 acc_v2t=0.5000 alignment=0.3999 uniformity=-2.1000 lr=1.00e-04
[train] step   5100/10000 loss=0.6530 acc_v2t=0.7500 alignment=0.3076 uniformity=-2.3672 lr=9.99e-05
[train] step   5120/10000 loss=0.6531 acc_v2t=0.5000 alignment=0.5345 uniformity=-2.2604 lr=9.99e-05
[train] step   5140/10000 loss=0.6532 acc_v2t=0.5625 alignment=0.5251 uniformity=-2.3802 lr=9.99e-05
[train] step   5160/10000 loss=0.6532 acc_v2t=0.6250 alignment=0.6312 uniformity=-2.1885 lr=9.99e-05
[train] step   5180/10000 loss=0.6530 acc_v2t=0.6875 alignment=0.5555 uniformity=-2.3483 lr=9.99e-05
[train] step   5200/10000 loss=0.6528 acc_v2t=0.5000 alignment=0.4546 uniformity=-2.0245 lr=9.99e-05
[train] step   5220/10000 loss=0.6531 acc_v2t=0.6875 alignment=0.6766 uniformity=-2.5009 lr=9.99e-05
[train] step   5240/10000 loss=0.6530 acc_v2t=0.7500 alignment=0.3980 uniformity=-2.0723 lr=9.99e-05
[train] step   5260/10000 loss=0.6533 acc_v2t=0.5000 alignment=0.3551 uniformity=-1.9683 lr=9.99e-05
[train] step   5280/10000 loss=0.6530 acc_v2t=0.7500 alignment=0.3969 uniformity=-2.1528 lr=9.99e-05
[train] step   5300/10000 loss=0.6530 acc_v2t=0.8125 alignment=0.3638 uniformity=-2.3154 lr=9.99e-05
[train] step   5320/10000 loss=0.6532 acc_v2t=0.3750 alignment=0.7772 uniformity=-2.3459 lr=9.99e-05
[train] step   5340/10000 loss=0.6531 acc_v2t=0.7500 alignment=0.4930 uniformity=-2.5002 lr=9.99e-05
[train] step   5360/10000 loss=0.6531 acc_v2t=0.5000 alignment=0.6302 uniformity=-1.9549 lr=9.99e-05
[train] step   5380/10000 loss=0.6532 acc_v2t=0.8750 alignment=0.5533 uniformity=-2.3455 lr=9.99e-05
[train] step   5400/10000 loss=0.6531 acc_v2t=0.5000 alignment=0.8848 uniformity=-2.4295 lr=9.99e-05
[train] step   5420/10000 loss=0.6530 acc_v2t=0.6250 alignment=0.5071 uniformity=-2.1766 lr=9.99e-05
[train] step   5440/10000 loss=0.6530 acc_v2t=0.5625 alignment=0.5180 uniformity=-2.4219 lr=9.99e-05
[train] step   5460/10000 loss=0.6530 acc_v2t=0.5000 alignment=0.2934 uniformity=-1.6846 lr=9.99e-05
[train] step   5480/10000 loss=0.6531 acc_v2t=0.5625 alignment=0.4653 uniformity=-2.3034 lr=9.99e-05
[train] step   5500/10000 loss=0.6530 acc_v2t=0.6250 alignment=0.4639 uniformity=-2.5338 lr=9.99e-05
[train] step   5520/10000 loss=0.6530 acc_v2t=0.6875 alignment=0.4890 uniformity=-2.2400 lr=9.99e-05
[train] step   5540/10000 loss=0.6532 acc_v2t=0.7500 alignment=0.4612 uniformity=-1.9404 lr=9.99e-05
[train] step   5560/10000 loss=0.6528 acc_v2t=0.5625 alignment=0.3988 uniformity=-2.0984 lr=9.99e-05
[train] step   5580/10000 loss=0.6532 acc_v2t=0.5000 alignment=0.6210 uniformity=-2.2512 lr=9.99e-05
[train] step   5600/10000 loss=0.6534 acc_v2t=0.6875 alignment=0.7518 uniformity=-2.2573 lr=9.99e-05
[train] step   5620/10000 loss=0.6530 acc_v2t=0.6875 alignment=0.4679 uniformity=-2.5359 lr=9.99e-05
[train] step   5640/10000 loss=0.6530 acc_v2t=0.7500 alignment=0.3146 uniformity=-2.1698 lr=9.99e-05
[train] step   5660/10000 loss=0.6529 acc_v2t=0.6875 alignment=0.4398 uniformity=-2.3816 lr=9.99e-05
[train] step   5680/10000 loss=0.6528 acc_v2t=0.6875 alignment=0.4275 uniformity=-2.5029 lr=9.99e-05
[train] step   5700/10000 loss=0.6533 acc_v2t=0.4375 alignment=0.5253 uniformity=-2.1723 lr=9.99e-05
[train] step   5720/10000 loss=0.6527 acc_v2t=0.7500 alignment=0.4428 uniformity=-2.4411 lr=9.99e-05
[train] step   5740/10000 loss=0.6531 acc_v2t=0.5625 alignment=0.5105 uniformity=-2.1950 lr=9.99e-05
[train] step   5760/10000 loss=0.6532 acc_v2t=0.5000 alignment=0.3929 uniformity=-2.1200 lr=9.99e-05
[train] step   5780/10000 loss=0.6529 acc_v2t=0.6250 alignment=0.4300 uniformity=-2.2969 lr=9.99e-05
[train] step   5800/10000 loss=0.6529 acc_v2t=0.6875 alignment=0.3730 uniformity=-1.7904 lr=9.99e-05
[train] step   5820/10000 loss=0.6533 acc_v2t=0.3750 alignment=0.5758 uniformity=-2.1508 lr=9.99e-05
[train] step   5840/10000 loss=0.6531 acc_v2t=0.5625 alignment=0.3868 uniformity=-2.0556 lr=9.99e-05
[train] step   5860/10000 loss=0.6530 acc_v2t=0.6875 alignment=0.4271 uniformity=-2.2591 lr=9.99e-05
[train] step   5880/10000 loss=0.6534 acc_v2t=0.6875 alignment=0.4416 uniformity=-2.2464 lr=9.98e-05
[train] step   5900/10000 loss=0.6530 acc_v2t=0.6250 alignment=0.3916 uniformity=-2.1741 lr=9.98e-05
[train] step   5920/10000 loss=0.6531 acc_v2t=0.4375 alignment=0.4643 uniformity=-2.0401 lr=9.98e-05
[train] step   5940/10000 loss=0.6529 acc_v2t=0.5625 alignment=0.3267 uniformity=-1.9154 lr=9.98e-05
[train] step   5960/10000 loss=0.6529 acc_v2t=0.6250 alignment=0.4008 uniformity=-2.2967 lr=9.98e-05
[train] step   5980/10000 loss=0.6529 acc_v2t=0.6250 alignment=0.4267 uniformity=-2.0308 lr=9.98e-05
[train] step   6000/10000 loss=0.6533 acc_v2t=0.4375 alignment=0.4910 uniformity=-1.8942 lr=9.98e-05
[train] step   6020/10000 loss=0.6530 acc_v2t=0.5000 alignment=0.6778 uniformity=-2.3538 lr=9.98e-05
[train] step   6040/10000 loss=0.6530 acc_v2t=0.6250 alignment=0.3278 uniformity=-1.9644 lr=9.98e-05
[train] step   6060/10000 loss=0.6529 acc_v2t=0.8125 alignment=0.2974 uniformity=-2.3551 lr=9.98e-05
[train] step   6080/10000 loss=0.6531 acc_v2t=0.8125 alignment=0.5887 uniformity=-2.2793 lr=9.98e-05
[train] step   6100/10000 loss=0.6528 acc_v2t=0.5625 alignment=0.3936 uniformity=-2.0476 lr=9.98e-05
[train] step   6120/10000 loss=0.6530 acc_v2t=0.8125 alignment=0.3672 uniformity=-2.3693 lr=9.98e-05
[train] step   6140/10000 loss=0.6535 acc_v2t=0.6250 alignment=0.5115 uniformity=-1.9036 lr=9.98e-05
[train] step   6160/10000 loss=0.6532 acc_v2t=0.6875 alignment=0.2770 uniformity=-2.0278 lr=9.98e-05
[train] step   6180/10000 loss=0.6529 acc_v2t=0.5625 alignment=0.4336 uniformity=-2.1619 lr=9.98e-05
[train] step   6200/10000 loss=0.6532 acc_v2t=0.6875 alignment=0.5273 uniformity=-2.4230 lr=9.98e-05
[train] step   6220/10000 loss=0.6529 acc_v2t=0.6875 alignment=0.4387 uniformity=-2.4669 lr=9.98e-05
[train] step   6240/10000 loss=0.6528 acc_v2t=0.6250 alignment=0.3544 uniformity=-2.2181 lr=9.98e-05
[train] step   6260/10000 loss=0.6531 acc_v2t=0.5625 alignment=0.4977 uniformity=-2.1233 lr=9.98e-05
[train] step   6280/10000 loss=0.6531 acc_v2t=0.5625 alignment=0.4984 uniformity=-2.0210 lr=9.98e-05
[train] step   6300/10000 loss=0.6531 acc_v2t=0.6875 alignment=0.4871 uniformity=-2.4780 lr=9.98e-05
[train] step   6320/10000 loss=0.6531 acc_v2t=0.6250 alignment=0.5543 uniformity=-2.5817 lr=9.98e-05
[train] step   6340/10000 loss=0.6531 acc_v2t=0.6875 alignment=0.4366 uniformity=-2.0541 lr=9.98e-05
[train] step   6360/10000 loss=0.6527 acc_v2t=0.6250 alignment=0.3340 uniformity=-2.4152 lr=9.98e-05
[train] step   6380/10000 loss=0.6533 acc_v2t=0.5000 alignment=0.4486 uniformity=-1.8597 lr=9.98e-05
[train] step   6400/10000 loss=0.6529 acc_v2t=0.6875 alignment=0.3259 uniformity=-2.3575 lr=9.98e-05
[train] step   6420/10000 loss=0.6529 acc_v2t=0.7500 alignment=0.3561 uniformity=-2.1688 lr=9.98e-05
[train] step   6440/10000 loss=0.6531 acc_v2t=0.4375 alignment=0.7133 uniformity=-1.9630 lr=9.97e-05
[train] step   6460/10000 loss=0.6529 acc_v2t=0.8125 alignment=0.3229 uniformity=-2.1461 lr=9.97e-05
[train] step   6480/10000 loss=0.6532 acc_v2t=0.6250 alignment=0.5226 uniformity=-2.4876 lr=9.97e-05
[train] step   6500/10000 loss=0.6531 acc_v2t=0.8125 alignment=0.3726 uniformity=-1.9698 lr=9.97e-05
[train] step   6520/10000 loss=0.6531 acc_v2t=0.6250 alignment=0.4125 uniformity=-1.9488 lr=9.97e-05
[train] step   6540/10000 loss=0.6528 acc_v2t=0.6250 alignment=0.3038 uniformity=-1.8792 lr=9.97e-05
[train] step   6560/10000 loss=0.6530 acc_v2t=0.8125 alignment=0.4482 uniformity=-2.1221 lr=9.97e-05
[train] step   6580/10000 loss=0.6530 acc_v2t=0.7500 alignment=0.3551 uniformity=-2.2096 lr=9.97e-05
[train] step   6600/10000 loss=0.6531 acc_v2t=0.7500 alignment=0.4178 uniformity=-2.1695 lr=9.97e-05
[train] step   6620/10000 loss=0.6530 acc_v2t=0.5625 alignment=0.5297 uniformity=-2.1961 lr=9.97e-05
[train] step   6640/10000 loss=0.6531 acc_v2t=0.6250 alignment=0.5005 uniformity=-2.2696 lr=9.97e-05
[train] step   6660/10000 loss=0.6530 acc_v2t=0.8750 alignment=0.2371 uniformity=-2.2341 lr=9.97e-05
[train] step   6680/10000 loss=0.6529 acc_v2t=0.6875 alignment=0.3344 uniformity=-2.0324 lr=9.97e-05
[train] step   6700/10000 loss=0.6530 acc_v2t=0.5625 alignment=0.4054 uniformity=-2.0806 lr=9.97e-05
[train] step   6720/10000 loss=0.6531 acc_v2t=0.8125 alignment=0.5501 uniformity=-2.4225 lr=9.97e-05
[train] step   6740/10000 loss=0.6529 acc_v2t=0.5000 alignment=0.4349 uniformity=-2.4212 lr=9.97e-05
[train] step   6760/10000 loss=0.6527 acc_v2t=0.7500 alignment=0.2716 uniformity=-2.3223 lr=9.97e-05
[train] step   6780/10000 loss=0.6528 acc_v2t=0.7500 alignment=0.2495 uniformity=-2.1817 lr=9.97e-05
[train] step   6800/10000 loss=0.6531 acc_v2t=0.6875 alignment=0.5342 uniformity=-2.2722 lr=9.97e-05
[train] step   6820/10000 loss=0.6532 acc_v2t=0.6875 alignment=0.5788 uniformity=-2.3249 lr=9.97e-05
[train] step   6840/10000 loss=0.6528 acc_v2t=0.7500 alignment=0.3105 uniformity=-2.4133 lr=9.97e-05
[train] step   6860/10000 loss=0.6530 acc_v2t=0.5625 alignment=0.4931 uniformity=-2.1709 lr=9.97e-05
[train] step   6880/10000 loss=0.6531 acc_v2t=0.7500 alignment=0.3478 uniformity=-2.1085 lr=9.96e-05
[train] step   6900/10000 loss=0.6528 acc_v2t=0.8125 alignment=0.3334 uniformity=-2.4694 lr=9.96e-05
[train] step   6920/10000 loss=0.6529 acc_v2t=0.5625 alignment=0.4036 uniformity=-1.8802 lr=9.96e-05
[train] step   6940/10000 loss=0.6530 acc_v2t=0.8125 alignment=0.3436 uniformity=-2.4016 lr=9.96e-05
[train] step   6960/10000 loss=0.6533 acc_v2t=0.4375 alignment=0.5311 uniformity=-1.9861 lr=9.96e-05
[train] step   6980/10000 loss=0.6528 acc_v2t=0.7500 alignment=0.2435 uniformity=-2.0988 lr=9.96e-05
[train] step   7000/10000 loss=0.6534 acc_v2t=0.7500 alignment=0.3438 uniformity=-1.7723 lr=9.96e-05
[train] step   7020/10000 loss=0.6529 acc_v2t=0.7500 alignment=0.2991 uniformity=-2.2738 lr=9.96e-05
[train] step   7040/10000 loss=0.6532 acc_v2t=0.6875 alignment=0.4527 uniformity=-2.3056 lr=9.96e-05
[train] step   7060/10000 loss=0.6529 acc_v2t=0.8750 alignment=0.3134 uniformity=-2.3411 lr=9.96e-05
[train] step   7080/10000 loss=0.6529 acc_v2t=0.6250 alignment=0.3030 uniformity=-2.3581 lr=9.96e-05
[train] step   7100/10000 loss=0.6529 acc_v2t=0.7500 alignment=0.2449 uniformity=-2.2968 lr=9.96e-05
[train] step   7120/10000 loss=0.6526 acc_v2t=0.7500 alignment=0.2788 uniformity=-2.2540 lr=9.96e-05
[train] step   7140/10000 loss=0.6529 acc_v2t=0.7500 alignment=0.2919 uniformity=-2.3597 lr=9.96e-05
[train] step   7160/10000 loss=0.6532 acc_v2t=0.5625 alignment=0.3405 uniformity=-1.8422 lr=9.96e-05
[train] step   7180/10000 loss=0.6532 acc_v2t=0.7500 alignment=0.5661 uniformity=-2.1475 lr=9.96e-05
[train] step   7200/10000 loss=0.6532 acc_v2t=0.7500 alignment=0.2796 uniformity=-1.7159 lr=9.96e-05
[train] step   7220/10000 loss=0.6528 acc_v2t=0.7500 alignment=0.4141 uniformity=-2.3637 lr=9.96e-05
[train] step   7240/10000 loss=0.6530 acc_v2t=0.3125 alignment=0.5366 uniformity=-1.8351 lr=9.96e-05
[train] step   7260/10000 loss=0.6530 acc_v2t=0.6250 alignment=0.3467 uniformity=-1.6748 lr=9.95e-05
[train] step   7280/10000 loss=0.6528 acc_v2t=0.6250 alignment=0.3859 uniformity=-2.1678 lr=9.95e-05
[train] step   7300/10000 loss=0.6533 acc_v2t=0.6250 alignment=0.3591 uniformity=-1.6748 lr=9.95e-05
[train] step   7320/10000 loss=0.6529 acc_v2t=0.6250 alignment=0.2647 uniformity=-2.0871 lr=9.95e-05
[train] step   7340/10000 loss=0.6532 acc_v2t=0.5000 alignment=0.5950 uniformity=-2.0178 lr=9.95e-05
[train] step   7360/10000 loss=0.6529 acc_v2t=0.7500 alignment=0.4334 uniformity=-2.6797 lr=9.95e-05
[train] step   7380/10000 loss=0.6528 acc_v2t=0.7500 alignment=0.3662 uniformity=-2.1443 lr=9.95e-05
[train] step   7400/10000 loss=0.6532 acc_v2t=0.6875 alignment=0.4929 uniformity=-2.2452 lr=9.95e-05
[train] step   7420/10000 loss=0.6529 acc_v2t=0.7500 alignment=0.2068 uniformity=-1.8422 lr=9.95e-05
[train] step   7440/10000 loss=0.6533 acc_v2t=0.5625 alignment=0.1932 uniformity=-1.7271 lr=9.95e-05
[train] step   7460/10000 loss=0.6530 acc_v2t=0.4375 alignment=0.4861 uniformity=-1.9087 lr=9.95e-05
[train] step   7480/10000 loss=0.6529 acc_v2t=0.6875 alignment=0.2476 uniformity=-1.6971 lr=9.95e-05
[train] step   7500/10000 loss=0.6530 acc_v2t=0.8125 alignment=0.3412 uniformity=-2.3775 lr=9.95e-05
[train] step   7520/10000 loss=0.6529 acc_v2t=0.5625 alignment=0.3313 uniformity=-2.0678 lr=9.95e-05
[train] step   7540/10000 loss=0.6529 acc_v2t=0.6875 alignment=0.3644 uniformity=-2.2314 lr=9.95e-05
[train] step   7560/10000 loss=0.6530 acc_v2t=0.8125 alignment=0.4227 uniformity=-2.1678 lr=9.95e-05
[train] step   7580/10000 loss=0.6528 acc_v2t=0.7500 alignment=0.2750 uniformity=-1.9738 lr=9.95e-05
[train] step   7600/10000 loss=0.6531 acc_v2t=0.8125 alignment=0.2142 uniformity=-2.1500 lr=9.94e-05
[train] step   7620/10000 loss=0.6530 acc_v2t=0.6875 alignment=0.3497 uniformity=-2.2197 lr=9.94e-05
[train] step   7640/10000 loss=0.6531 acc_v2t=0.4375 alignment=0.5738 uniformity=-2.5267 lr=9.94e-05
[train] step   7660/10000 loss=0.6530 acc_v2t=0.6250 alignment=0.3077 uniformity=-1.8257 lr=9.94e-05
[train] step   7680/10000 loss=0.6531 acc_v2t=0.6875 alignment=0.3733 uniformity=-1.9554 lr=9.94e-05
[train] step   7700/10000 loss=0.6533 acc_v2t=0.7500 alignment=0.3966 uniformity=-2.3305 lr=9.94e-05
[train] step   7720/10000 loss=0.6529 acc_v2t=0.6250 alignment=0.3786 uniformity=-1.9080 lr=9.94e-05
[train] step   7740/10000 loss=0.6530 acc_v2t=0.7500 alignment=0.3102 uniformity=-1.9110 lr=9.94e-05
[train] step   7760/10000 loss=0.6531 acc_v2t=0.6875 alignment=0.2824 uniformity=-1.9520 lr=9.94e-05
[train] step   7780/10000 loss=0.6528 acc_v2t=0.5625 alignment=0.3679 uniformity=-1.7431 lr=9.94e-05
[train] step   7800/10000 loss=0.6532 acc_v2t=0.5000 alignment=0.5741 uniformity=-1.8515 lr=9.94e-05
[train] step   7820/10000 loss=0.6532 acc_v2t=0.6250 alignment=0.4068 uniformity=-1.7841 lr=9.94e-05
[train] step   7840/10000 loss=0.6531 acc_v2t=0.5625 alignment=0.5589 uniformity=-2.2790 lr=9.94e-05
[train] step   7860/10000 loss=0.6530 acc_v2t=0.6250 alignment=0.5329 uniformity=-2.3189 lr=9.94e-05
[train] step   7880/10000 loss=0.6533 acc_v2t=0.6875 alignment=0.4090 uniformity=-1.9063 lr=9.94e-05
[train] step   7900/10000 loss=0.6532 acc_v2t=0.6875 alignment=0.5202 uniformity=-2.4130 lr=9.94e-05
[train] step   7920/10000 loss=0.6527 acc_v2t=0.7500 alignment=0.2243 uniformity=-2.0733 lr=9.93e-05
[train] step   7940/10000 loss=0.6528 acc_v2t=0.5625 alignment=0.2850 uniformity=-2.1076 lr=9.93e-05
[train] step   7960/10000 loss=0.6532 acc_v2t=0.5625 alignment=0.5153 uniformity=-2.0734 lr=9.93e-05
[train] step   7980/10000 loss=0.6529 acc_v2t=0.8125 alignment=0.3280 uniformity=-2.1109 lr=9.93e-05
[train] step   8000/10000 loss=0.6530 acc_v2t=0.6250 alignment=0.3740 uniformity=-2.1337 lr=9.93e-05
[train] step   8020/10000 loss=0.6529 acc_v2t=0.7500 alignment=0.3420 uniformity=-2.1874 lr=9.93e-05
[train] step   8040/10000 loss=0.6529 acc_v2t=0.3750 alignment=0.3346 uniformity=-2.2834 lr=9.93e-05
[train] step   8060/10000 loss=0.6531 acc_v2t=0.6250 alignment=0.4621 uniformity=-2.1089 lr=9.93e-05
[train] step   8080/10000 loss=0.6530 acc_v2t=0.6875 alignment=0.2813 uniformity=-2.1705 lr=9.93e-05
[train] step   8100/10000 loss=0.6529 acc_v2t=0.5000 alignment=0.3712 uniformity=-1.7757 lr=9.93e-05
[train] step   8120/10000 loss=0.6531 acc_v2t=0.5000 alignment=0.5704 uniformity=-2.1976 lr=9.93e-05
[train] step   8140/10000 loss=0.6532 acc_v2t=0.6250 alignment=0.3775 uniformity=-1.8909 lr=9.93e-05
[train] step   8160/10000 loss=0.6528 acc_v2t=0.6875 alignment=0.4346 uniformity=-2.3712 lr=9.93e-05
[train] step   8180/10000 loss=0.6529 acc_v2t=0.8125 alignment=0.2783 uniformity=-1.9983 lr=9.93e-05
[train] step   8200/10000 loss=0.6528 acc_v2t=0.8125 alignment=0.2467 uniformity=-2.1474 lr=9.92e-05
[train] step   8220/10000 loss=0.6528 acc_v2t=0.7500 alignment=0.3288 uniformity=-1.9123 lr=9.92e-05
[train] step   8240/10000 loss=0.6533 acc_v2t=0.5625 alignment=0.3715 uniformity=-1.7584 lr=9.92e-05
[train] step   8260/10000 loss=0.6530 acc_v2t=0.5625 alignment=0.5183 uniformity=-1.9383 lr=9.92e-05
[train] step   8280/10000 loss=0.6530 acc_v2t=0.7500 alignment=0.2940 uniformity=-2.0469 lr=9.92e-05
[train] step   8300/10000 loss=0.6527 acc_v2t=0.8125 alignment=0.2299 uniformity=-2.0935 lr=9.92e-05
[train] step   8320/10000 loss=0.6529 acc_v2t=0.6250 alignment=0.4064 uniformity=-1.8803 lr=9.92e-05
[train] step   8340/10000 loss=0.6528 acc_v2t=0.6875 alignment=0.2886 uniformity=-1.9989 lr=9.92e-05
[train] step   8360/10000 loss=0.6532 acc_v2t=0.6250 alignment=0.4684 uniformity=-2.0477 lr=9.92e-05
[train] step   8380/10000 loss=0.6531 acc_v2t=0.6250 alignment=0.4687 uniformity=-2.0701 lr=9.92e-05
[train] step   8400/10000 loss=0.6529 acc_v2t=0.5625 alignment=0.2911 uniformity=-1.9468 lr=9.92e-05
[train] step   8420/10000 loss=0.6530 acc_v2t=0.6250 alignment=0.2657 uniformity=-1.9033 lr=9.92e-05
[train] step   8440/10000 loss=0.6531 acc_v2t=0.6250 alignment=0.4929 uniformity=-1.9101 lr=9.92e-05
[train] step   8460/10000 loss=0.6529 acc_v2t=0.7500 alignment=0.2208 uniformity=-2.0158 lr=9.92e-05
[train] step   8480/10000 loss=0.6532 acc_v2t=0.5625 alignment=0.5284 uniformity=-1.7925 lr=9.91e-05
[train] step   8500/10000 loss=0.6529 acc_v2t=0.8125 alignment=0.3414 uniformity=-1.9805 lr=9.91e-05
[train] step   8520/10000 loss=0.6530 acc_v2t=0.7500 alignment=0.2365 uniformity=-2.1615 lr=9.91e-05
[train] step   8540/10000 loss=0.6531 acc_v2t=0.6875 alignment=0.3318 uniformity=-2.1090 lr=9.91e-05
[train] step   8560/10000 loss=0.6530 acc_v2t=0.5000 alignment=0.4308 uniformity=-1.7544 lr=9.91e-05
[train] step   8580/10000 loss=0.6529 acc_v2t=0.8125 alignment=0.2615 uniformity=-2.2726 lr=9.91e-05
[train] step   8600/10000 loss=0.6529 acc_v2t=0.8125 alignment=0.2769 uniformity=-2.0419 lr=9.91e-05
[train] step   8620/10000 loss=0.6529 acc_v2t=0.7500 alignment=0.3438 uniformity=-2.3205 lr=9.91e-05
[train] step   8640/10000 loss=0.6530 acc_v2t=0.5625 alignment=0.3088 uniformity=-1.8703 lr=9.91e-05
[train] step   8660/10000 loss=0.6530 acc_v2t=0.8125 alignment=0.3281 uniformity=-2.1804 lr=9.91e-05
[train] step   8680/10000 loss=0.6529 acc_v2t=0.5625 alignment=0.4575 uniformity=-2.4315 lr=9.91e-05
[train] step   8700/10000 loss=0.6528 acc_v2t=0.8750 alignment=0.1507 uniformity=-2.0465 lr=9.91e-05
[train] step   8720/10000 loss=0.6529 acc_v2t=0.8750 alignment=0.2931 uniformity=-2.4327 lr=9.91e-05
[train] step   8740/10000 loss=0.6532 acc_v2t=0.7500 alignment=0.4093 uniformity=-2.4381 lr=9.90e-05
[train] step   8760/10000 loss=0.6529 acc_v2t=0.8125 alignment=0.3772 uniformity=-2.2871 lr=9.90e-05
[train] step   8780/10000 loss=0.6531 acc_v2t=0.8750 alignment=0.3505 uniformity=-2.3739 lr=9.90e-05
[train] step   8800/10000 loss=0.6528 acc_v2t=0.5625 alignment=0.4464 uniformity=-1.8856 lr=9.90e-05
[train] step   8820/10000 loss=0.6534 acc_v2t=0.5625 alignment=0.2264 uniformity=-1.6653 lr=9.90e-05
[train] step   8840/10000 loss=0.6530 acc_v2t=0.6250 alignment=0.2327 uniformity=-2.1068 lr=9.90e-05
[train] step   8860/10000 loss=0.6536 acc_v2t=0.6875 alignment=0.3028 uniformity=-1.6856 lr=9.90e-05
[train] step   8880/10000 loss=0.6529 acc_v2t=0.7500 alignment=0.2929 uniformity=-2.1479 lr=9.90e-05
[train] step   8900/10000 loss=0.6531 acc_v2t=0.6875 alignment=0.4282 uniformity=-2.3370 lr=9.90e-05
[train] step   8920/10000 loss=0.6531 acc_v2t=0.6250 alignment=0.2490 uniformity=-1.7579 lr=9.90e-05
[train] step   8940/10000 loss=0.6530 acc_v2t=0.5625 alignment=0.4380 uniformity=-2.3436 lr=9.90e-05
[train] step   8960/10000 loss=0.6529 acc_v2t=0.6875 alignment=0.2606 uniformity=-1.5700 lr=9.90e-05
[train] step   8980/10000 loss=0.6532 acc_v2t=0.6875 alignment=0.4357 uniformity=-1.9203 lr=9.89e-05
[train] step   9000/10000 loss=0.6530 acc_v2t=0.6875 alignment=0.2543 uniformity=-1.9527 lr=9.89e-05
[train] step   9020/10000 loss=0.6530 acc_v2t=0.6875 alignment=0.2658 uniformity=-2.3472 lr=9.89e-05
[train] step   9040/10000 loss=0.6530 acc_v2t=0.8750 alignment=0.2718 uniformity=-2.2311 lr=9.89e-05
[train] step   9060/10000 loss=0.6530 acc_v2t=0.6250 alignment=0.2538 uniformity=-2.0683 lr=9.89e-05
[train] step   9080/10000 loss=0.6530 acc_v2t=0.5625 alignment=0.4572 uniformity=-1.9919 lr=9.89e-05
[train] step   9100/10000 loss=0.6528 acc_v2t=0.8750 alignment=0.3168 uniformity=-2.3622 lr=9.89e-05
[train] step   9120/10000 loss=0.6527 acc_v2t=0.7500 alignment=0.3160 uniformity=-2.2012 lr=9.89e-05
[train] step   9140/10000 loss=0.6529 acc_v2t=0.6875 alignment=0.2778 uniformity=-2.4069 lr=9.89e-05
[train] step   9160/10000 loss=0.6528 acc_v2t=0.8750 alignment=0.2336 uniformity=-2.2779 lr=9.89e-05
[train] step   9180/10000 loss=0.6531 acc_v2t=0.6250 alignment=0.4765 uniformity=-2.3484 lr=9.89e-05
[train] step   9200/10000 loss=0.6531 acc_v2t=0.5000 alignment=0.3207 uniformity=-1.7524 lr=9.88e-05
[train] step   9220/10000 loss=0.6529 acc_v2t=0.6250 alignment=0.2273 uniformity=-1.7962 lr=9.88e-05
[train] step   9240/10000 loss=0.6530 acc_v2t=0.6875 alignment=0.3531 uniformity=-2.5547 lr=9.88e-05
[train] step   9260/10000 loss=0.6525 acc_v2t=0.7500 alignment=0.1886 uniformity=-1.8828 lr=9.88e-05
[train] step   9280/10000 loss=0.6527 acc_v2t=0.7500 alignment=0.2516 uniformity=-1.9820 lr=9.88e-05
[train] step   9300/10000 loss=0.6530 acc_v2t=0.7500 alignment=0.1771 uniformity=-1.7879 lr=9.88e-05
[train] step   9320/10000 loss=0.6528 acc_v2t=0.5000 alignment=0.2667 uniformity=-1.9162 lr=9.88e-05
[train] step   9340/10000 loss=0.6530 acc_v2t=0.8125 alignment=0.4473 uniformity=-2.6282 lr=9.88e-05
[train] step   9360/10000 loss=0.6529 acc_v2t=0.8125 alignment=0.2049 uniformity=-1.9086 lr=9.88e-05
[train] step   9380/10000 loss=0.6531 acc_v2t=0.5625 alignment=0.4705 uniformity=-1.7715 lr=9.88e-05
[train] step   9400/10000 loss=0.6528 acc_v2t=0.5625 alignment=0.3166 uniformity=-1.7263 lr=9.88e-05
[train] step   9420/10000 loss=0.6528 acc_v2t=0.6875 alignment=0.3756 uniformity=-2.3824 lr=9.88e-05
[train] step   9440/10000 loss=0.6531 acc_v2t=0.7500 alignment=0.3952 uniformity=-1.9899 lr=9.87e-05
[train] step   9460/10000 loss=0.6530 acc_v2t=0.8750 alignment=0.2591 uniformity=-2.2847 lr=9.87e-05
[train] step   9480/10000 loss=0.6529 acc_v2t=0.8125 alignment=0.1907 uniformity=-2.3949 lr=9.87e-05
[train] step   9500/10000 loss=0.6529 acc_v2t=0.6875 alignment=0.3505 uniformity=-2.0453 lr=9.87e-05
[train] step   9520/10000 loss=0.6529 acc_v2t=0.7500 alignment=0.3061 uniformity=-2.6079 lr=9.87e-05
[train] step   9540/10000 loss=0.6531 acc_v2t=0.7500 alignment=0.4144 uniformity=-2.3885 lr=9.87e-05
[train] step   9560/10000 loss=0.6529 acc_v2t=0.5000 alignment=0.5276 uniformity=-1.9135 lr=9.87e-05
[train] step   9580/10000 loss=0.6528 acc_v2t=0.5625 alignment=0.3211 uniformity=-2.0014 lr=9.87e-05
[train] step   9600/10000 loss=0.6529 acc_v2t=0.8125 alignment=0.2263 uniformity=-2.1653 lr=9.87e-05
[train] step   9620/10000 loss=0.6529 acc_v2t=0.6875 alignment=0.2895 uniformity=-2.3050 lr=9.87e-05
[train] step   9640/10000 loss=0.6529 acc_v2t=0.6875 alignment=0.2862 uniformity=-1.8649 lr=9.86e-05
[train] step   9660/10000 loss=0.6528 acc_v2t=0.8125 alignment=0.2364 uniformity=-2.4297 lr=9.86e-05
[train] step   9680/10000 loss=0.6529 acc_v2t=0.8125 alignment=0.2076 uniformity=-2.1115 lr=9.86e-05
[train] step   9700/10000 loss=0.6528 acc_v2t=0.6875 alignment=0.3906 uniformity=-2.1017 lr=9.86e-05
[train] step   9720/10000 loss=0.6531 acc_v2t=0.6875 alignment=0.2608 uniformity=-1.8195 lr=9.86e-05
[train] step   9740/10000 loss=0.6532 acc_v2t=0.6875 alignment=0.1726 uniformity=-1.9011 lr=9.86e-05
[train] step   9760/10000 loss=0.6528 acc_v2t=0.8750 alignment=0.1999 uniformity=-2.2642 lr=9.86e-05
[train] step   9780/10000 loss=0.6528 acc_v2t=0.8125 alignment=0.2348 uniformity=-1.9505 lr=9.86e-05
[train] step   9800/10000 loss=0.6533 acc_v2t=0.6250 alignment=0.4453 uniformity=-2.0929 lr=9.86e-05
[train] step   9820/10000 loss=0.6529 acc_v2t=0.9375 alignment=0.1741 uniformity=-2.0686 lr=9.86e-05
[train] step   9840/10000 loss=0.6530 acc_v2t=0.6875 alignment=0.3467 uniformity=-2.0313 lr=9.86e-05
[train] step   9860/10000 loss=0.6530 acc_v2t=0.6250 alignment=0.2716 uniformity=-1.6890 lr=9.85e-05
[train] step   9880/10000 loss=0.6529 acc_v2t=0.6875 alignment=0.4203 uniformity=-2.1596 lr=9.85e-05
[train] step   9900/10000 loss=0.6531 acc_v2t=0.6250 alignment=0.3186 uniformity=-2.2062 lr=9.85e-05
[train] step   9920/10000 loss=0.6530 acc_v2t=0.6875 alignment=0.3732 uniformity=-2.3726 lr=9.85e-05
[train] step   9940/10000 loss=0.6530 acc_v2t=0.7500 alignment=0.2786 uniformity=-1.8165 lr=9.85e-05
[train] step   9960/10000 loss=0.6530 acc_v2t=0.7500 alignment=0.3428 uniformity=-2.0289 lr=9.85e-05
[train] step   9980/10000 loss=0.6531 acc_v2t=0.7500 alignment=0.2924 uniformity=-2.2361 lr=9.85e-05
[train] step   9999/10000 loss=0.6525 acc_v2t=0.7500 alignment=0.2274 uniformity=-2.2006 lr=9.85e-05
[train] done. best smoothed loss=0.6529 (checkpoints in /home/jovyan/work/JEPA-Omni/checkpoints/m1)
